#! /c/Source/iverilog-install/bin/vvp
:ivl_version "12.0 (devel)" "(s20150603-1110-g18392a46)";
:ivl_delay_selection "TYPICAL";
:vpi_time_precision + 0;
:vpi_module "C:\iverilog\lib\ivl\system.vpi";
:vpi_module "C:\iverilog\lib\ivl\vhdl_sys.vpi";
:vpi_module "C:\iverilog\lib\ivl\vhdl_textio.vpi";
:vpi_module "C:\iverilog\lib\ivl\v2005_math.vpi";
:vpi_module "C:\iverilog\lib\ivl\va_math.vpi";
:vpi_module "C:\iverilog\lib\ivl\v2009.vpi";
S_0000017daccab520 .scope package, "$unit" "$unit" 2 1;
 .timescale 0 0;
S_0000017daccab8c0 .scope module, "tb" "tb" 3 29;
 .timescale 0 0;
P_0000017dacca92f0 .param/l "N" 0 3 30, +C4<00000000000000000000000000001010>;
v0000017daccad930_0 .var "clk", 0 0;
v0000017daccad9d0_0 .var "rst", 0 0;
v0000017daccada70_0 .net "sclk", 0 0, v0000017daccaba50_0;  1 drivers
v0000017daccadb10_0 .net "tick", 0 0, v0000017daccabaf0_0;  1 drivers
S_0000017daccad7a0 .scope module, "uut" "clkgen" 3 33, 3 1 0, S_0000017daccab8c0;
 .timescale 0 0;
    .port_info 0 /INPUT 1 "clk";
    .port_info 1 /INPUT 1 "rst";
    .port_info 2 /OUTPUT 1 "sclk";
    .port_info 3 /OUTPUT 1 "tick";
P_0000017dacca8a30 .param/l "div" 0 3 1, +C4<00000000000000000000000000001010>;
v0000017dacca6e00_0 .net "clk", 0 0, v0000017daccad930_0;  1 drivers
v0000017dacca7260_0 .var "counter", 3 0;
v0000017dacca6c30_0 .net "rst", 0 0, v0000017daccad9d0_0;  1 drivers
v0000017daccaba50_0 .var "sclk", 0 0;
v0000017daccabaf0_0 .var "tick", 0 0;
E_0000017dacca8830 .event posedge, v0000017dacca6c30_0, v0000017dacca6e00_0;
    .scope S_0000017daccad7a0;
T_0 ;
    %pushi/vec4 0, 0, 4;
    %store/vec4 v0000017dacca7260_0, 0, 4;
    %end;
    .thread T_0, $init;
    .scope S_0000017daccad7a0;
T_1 ;
    %wait E_0000017dacca8830;
    %load/vec4 v0000017dacca6c30_0;
    %flag_set/vec4 8;
    %jmp/0xz  T_1.0, 8;
    %pushi/vec4 0, 0, 4;
    %assign/vec4 v0000017dacca7260_0, 0;
    %pushi/vec4 0, 0, 1;
    %assign/vec4 v0000017daccaba50_0, 0;
    %pushi/vec4 0, 0, 1;
    %assign/vec4 v0000017daccabaf0_0, 0;
    %jmp T_1.1;
T_1.0 ;
    %load/vec4 v0000017dacca7260_0;
    %pad/u 32;
    %cmpi/e 4, 0, 32;
    %jmp/0xz  T_1.2, 4;
    %pushi/vec4 0, 0, 4;
    %assign/vec4 v0000017dacca7260_0, 0;
    %load/vec4 v0000017daccaba50_0;
    %inv;
    %assign/vec4 v0000017daccaba50_0, 0;
    %pushi/vec4 1, 0, 1;
    %assign/vec4 v0000017daccabaf0_0, 0;
    %jmp T_1.3;
T_1.2 ;
    %pushi/vec4 0, 0, 1;
    %assign/vec4 v0000017daccabaf0_0, 0;
    %load/vec4 v0000017dacca7260_0;
    %addi 1, 0, 4;
    %assign/vec4 v0000017dacca7260_0, 0;
T_1.3 ;
T_1.1 ;
    %jmp T_1;
    .thread T_1;
    .scope S_0000017daccab8c0;
T_2 ;
    %pushi/vec4 0, 0, 1;
    %store/vec4 v0000017daccad930_0, 0, 1;
    %end;
    .thread T_2;
    .scope S_0000017daccab8c0;
T_3 ;
    %delay 5, 0;
    %load/vec4 v0000017daccad930_0;
    %inv;
    %store/vec4 v0000017daccad930_0, 0, 1;
    %jmp T_3;
    .thread T_3;
    .scope S_0000017daccab8c0;
T_4 ;
    %vpi_call/w 3 38 "$dumpfile", "clkgendump.vcd" {0 0 0};
    %vpi_call/w 3 39 "$dumpvars", 32'sb00000000000000000000000000000000, S_0000017daccab8c0 {0 0 0};
    %vpi_call/w 3 40 "$display", "Starting simulation..." {0 0 0};
    %delay 500, 0;
    %vpi_call/w 3 42 "$display", "Simulation finished" {0 0 0};
    %vpi_call/w 3 43 "$finish" {0 0 0};
    %end;
    .thread T_4;
    .scope S_0000017daccab8c0;
T_5 ;
    %pushi/vec4 1, 0, 1;
    %store/vec4 v0000017daccad9d0_0, 0, 1;
    %delay 5, 0;
    %pushi/vec4 0, 0, 1;
    %store/vec4 v0000017daccad9d0_0, 0, 1;
    %delay 5, 0;
    %end;
    .thread T_5;
# The file index is used to find the file name in the following table.
:file_names 4;
    "N/A";
    "<interactive>";
    "-";
    "clkgen.v";
