#! /c/Source/iverilog-install/bin/vvp
:ivl_version "12.0 (devel)" "(s20150603-1110-g18392a46)";
:ivl_delay_selection "TYPICAL";
:vpi_time_precision + 0;
:vpi_module "C:\iverilog\lib\ivl\system.vpi";
:vpi_module "C:\iverilog\lib\ivl\vhdl_sys.vpi";
:vpi_module "C:\iverilog\lib\ivl\vhdl_textio.vpi";
:vpi_module "C:\iverilog\lib\ivl\v2005_math.vpi";
:vpi_module "C:\iverilog\lib\ivl\va_math.vpi";
:vpi_module "C:\iverilog\lib\ivl\v2009.vpi";
S_0000024efb66b4a0 .scope package, "$unit" "$unit" 2 1;
 .timescale 0 0;
S_0000024efb66e7f0 .scope module, "tb1" "tb1" 3 30;
 .timescale 0 0;
v0000024efb708490_0 .var "LOAD_data", 7 0;
v0000024efb6b3120_0 .var "MISO", 0 0;
v0000024efb6b3bc0_0 .net "MOSI", 0 0, v0000024efb66eb10_0;  1 drivers
v0000024efb6b3620_0 .var "clk", 0 0;
v0000024efb6b3940_0 .var "en", 0 0;
v0000024efb6b3c60_0 .var "load", 0 0;
v0000024efb6b34e0_0 .var "rst", 0 0;
v0000024efb6b3da0_0 .var "sclk", 0 0;
v0000024efb6b3260_0 .var "tick", 0 0;
S_0000024efb66e980 .scope module, "uut" "spi_master_shift_reg" 3 35, 3 1 0, S_0000024efb66e7f0;
 .timescale 0 0;
    .port_info 0 /INPUT 1 "clk";
    .port_info 1 /INPUT 1 "rst";
    .port_info 2 /INPUT 1 "tick";
    .port_info 3 /INPUT 1 "load";
    .port_info 4 /INPUT 1 "MISO";
    .port_info 5 /INPUT 1 "en";
    .port_info 6 /INPUT 1 "sclk";
    .port_info 7 /INPUT 8 "LOAD_data";
    .port_info 8 /OUTPUT 1 "MOSI";
v0000024efb66bef0_0 .net "LOAD_data", 7 0, v0000024efb708490_0;  1 drivers
v0000024efb666ba0_0 .net "MISO", 0 0, v0000024efb6b3120_0;  1 drivers
v0000024efb66eb10_0 .var "MOSI", 0 0;
v0000024efb66ebb0_0 .var "REC_data", 7 0;
v0000024efb708030_0 .var "SEND_data", 7 0;
v0000024efb7080d0_0 .net "clk", 0 0, v0000024efb6b3620_0;  1 drivers
v0000024efb708170_0 .net "en", 0 0, v0000024efb6b3940_0;  1 drivers
v0000024efb708210_0 .net "load", 0 0, v0000024efb6b3c60_0;  1 drivers
v0000024efb7082b0_0 .net "rst", 0 0, v0000024efb6b34e0_0;  1 drivers
v0000024efb708350_0 .net "sclk", 0 0, v0000024efb6b3da0_0;  1 drivers
v0000024efb7083f0_0 .net "tick", 0 0, v0000024efb6b3260_0;  1 drivers
E_0000024efb6bea00 .event posedge, v0000024efb7082b0_0, v0000024efb7080d0_0;
    .scope S_0000024efb66e980;
T_0 ;
    %wait E_0000024efb6bea00;
    %load/vec4 v0000024efb7082b0_0;
    %flag_set/vec4 8;
    %jmp/0xz  T_0.0, 8;
    %pushi/vec4 0, 0, 8;
    %assign/vec4 v0000024efb66ebb0_0, 0;
    %pushi/vec4 0, 0, 8;
    %assign/vec4 v0000024efb708030_0, 0;
    %pushi/vec4 0, 0, 1;
    %assign/vec4 v0000024efb66eb10_0, 0;
    %jmp T_0.1;
T_0.0 ;
    %load/vec4 v0000024efb708210_0;
    %load/vec4 v0000024efb708350_0;
    %and;
    %flag_set/vec4 8;
    %jmp/0xz  T_0.2, 8;
    %load/vec4 v0000024efb66bef0_0;
    %assign/vec4 v0000024efb708030_0, 0;
    %pushi/vec4 0, 0, 1;
    %assign/vec4 v0000024efb66eb10_0, 0;
    %jmp T_0.3;
T_0.2 ;
    %load/vec4 v0000024efb7083f0_0;
    %load/vec4 v0000024efb708350_0;
    %inv;
    %and;
    %load/vec4 v0000024efb708170_0;
    %and;
    %flag_set/vec4 8;
    %jmp/0xz  T_0.4, 8;
    %load/vec4 v0000024efb66ebb0_0;
    %parti/s 7, 0, 2;
    %load/vec4 v0000024efb666ba0_0;
    %concat/vec4; draw_concat_vec4
    %assign/vec4 v0000024efb66ebb0_0, 0;
    %load/vec4 v0000024efb708030_0;
    %parti/s 1, 7, 4;
    %assign/vec4 v0000024efb66eb10_0, 0;
    %load/vec4 v0000024efb708030_0;
    %parti/s 7, 0, 2;
    %concati/vec4 0, 0, 1;
    %assign/vec4 v0000024efb708030_0, 0;
T_0.4 ;
T_0.3 ;
T_0.1 ;
    %jmp T_0;
    .thread T_0;
    .scope S_0000024efb66e7f0;
T_1 ;
    %pushi/vec4 0, 0, 1;
    %store/vec4 v0000024efb6b3620_0, 0, 1;
    %pushi/vec4 0, 0, 1;
    %store/vec4 v0000024efb6b3da0_0, 0, 1;
    %pushi/vec4 0, 0, 1;
    %store/vec4 v0000024efb6b3940_0, 0, 1;
    %pushi/vec4 0, 0, 1;
    %store/vec4 v0000024efb6b3260_0, 0, 1;
    %pushi/vec4 0, 0, 1;
    %store/vec4 v0000024efb6b3c60_0, 0, 1;
    %pushi/vec4 0, 0, 8;
    %store/vec4 v0000024efb708490_0, 0, 8;
    %pushi/vec4 0, 0, 1;
    %store/vec4 v0000024efb6b3120_0, 0, 1;
    %end;
    .thread T_1;
    .scope S_0000024efb66e7f0;
T_2 ;
    %delay 5, 0;
    %load/vec4 v0000024efb6b3620_0;
    %inv;
    %store/vec4 v0000024efb6b3620_0, 0, 1;
    %jmp T_2;
    .thread T_2;
    .scope S_0000024efb66e7f0;
T_3 ;
    %delay 50, 0;
    %load/vec4 v0000024efb6b3da0_0;
    %inv;
    %store/vec4 v0000024efb6b3da0_0, 0, 1;
    %pushi/vec4 1, 0, 1;
    %store/vec4 v0000024efb6b3260_0, 0, 1;
    %delay 10, 0;
    %pushi/vec4 0, 0, 1;
    %store/vec4 v0000024efb6b3260_0, 0, 1;
    %jmp T_3;
    .thread T_3;
    .scope S_0000024efb66e7f0;
T_4 ;
    %vpi_call/w 3 55 "$dumpfile", "master_shift+regdump.vcd" {0 0 0};
    %vpi_call/w 3 56 "$dumpvars", 32'sb00000000000000000000000000000000, S_0000024efb66e7f0 {0 0 0};
    %vpi_call/w 3 57 "$display", "Starting simulation..." {0 0 0};
    %delay 2500, 0;
    %vpi_call/w 3 59 "$display", "Simulation finished" {0 0 0};
    %vpi_call/w 3 60 "$finish" {0 0 0};
    %end;
    .thread T_4;
    .scope S_0000024efb66e7f0;
T_5 ;
    %pushi/vec4 1, 0, 1;
    %store/vec4 v0000024efb6b34e0_0, 0, 1;
    %delay 5, 0;
    %pushi/vec4 0, 0, 1;
    %store/vec4 v0000024efb6b34e0_0, 0, 1;
    %delay 20, 0;
    %pushi/vec4 183, 0, 8;
    %store/vec4 v0000024efb708490_0, 0, 8;
    %pushi/vec4 1, 0, 1;
    %store/vec4 v0000024efb6b3c60_0, 0, 1;
    %delay 50, 0;
    %pushi/vec4 0, 0, 1;
    %store/vec4 v0000024efb6b3c60_0, 0, 1;
    %pushi/vec4 1, 0, 1;
    %store/vec4 v0000024efb6b3940_0, 0, 1;
    %delay 1000, 0;
    %pushi/vec4 0, 0, 1;
    %store/vec4 v0000024efb6b3940_0, 0, 1;
    %end;
    .thread T_5;
# The file index is used to find the file name in the following table.
:file_names 4;
    "N/A";
    "<interactive>";
    "-";
    "shift_reg_master_spi.v";
